00000            TEST   START   0    
                  
00000  03215C    BEGIN  LDA     ONE    
00003  0F2054           STA     I    
00006  032153           LDA     ZERO    
00009  0F2054           STA     INDEX    
                  
0000C  032150    L1     LDA     ONE    
0000F  0F204B           STA     J    
                  
00012  032045    L2     LDA     I    
00015  232045           MUL     J    
00018  0F213B           STA     SUM    
0001B  032042           LDA     INDEX    
0001E  232144           MUL     THREE    
00021  0F2135           STA     TEMP    
00024  072132           LDX     TEMP    
00027  03212C           LDA     SUM    
0002A  0FA036           STA     ARRAY,X    
0002D  032030           LDA     INDEX    
00030  1B212C           ADD     ONE    
00033  0F202A           STA     INDEX    
00036  032024           LDA     J    
00039  1B2123           ADD     ONE    
0003C  0F201E           STA     J    
0003F  03201B           LDA     J    
00042  2B211D           COMP    TEN    
00045  3B2FCA           JLT     L2    
                  
00048  03200F           LDA     I    
0004B  1B2111           ADD     ONE    
0004E  0F2009           STA     I    
00051  032006           LDA     I    
00054  2B210B           COMP    TEN    
00057  3B2FB2           JLT     L1    
                  
0005A                   END     BEGIN    
                  
0005A  000000    I      RESW    1    
0005D  000000    J      RESW    1    
00060  000000    INDEX  RESW    1    
00063  00....00  ARRAY  RESW    81    
00156  000000    SUM    RESW    1    
00159  000000    TEMP   RESW    1    
                  
0015C  000000    ZERO   WORD    0    
0015F  000001    ONE    WORD    1    
00162  00000A    TEN    WORD    10    
00165  000003    THREE  WORD    3    
